# : is comments


# command for cloning the git, make sure you are at the directory where you want to keep your assignemnt as in below its F:\myAssignments
	PS F:\myAssignments>git clone https://github.com/maneeshk3/batch5assignment.git


# git status tell you at which branch you are at, and the status of any changes in the file history.
	PS F:\batch5assignment> git status
	On branch OtherDefault
	Your branch is up to date with 'origin/OtherDefault'.

	nothing to commit, working tree clean


# command to set the git configuration this has to be done only once, update your global git user.name and user.email.
	PS F:\batch5assignment> git config --global user.name "Maneesh Kumar"
	PS F:\batch5assignment> git config --global user.email "maneesh.kumar67@gmail.com"

# This commands prints the global settings, there you can verify the user.name and email, if the user.name and email is not added you will not be able to push your code to the git repo.
	PS F:\batch5assignment> git config --list

# git checkout helps you to move from one to other branch, go the main branch and for code synchronyzation use the next command.
	PS F:\batch5assignment> git checkout main
	Switched to branch 'main'
	Your branch is up to date with 'origin/main'.

# this command helps you update your local code to the code present in the git repo
	PS F:\batch5assignment> git pull origin main
	From https://github.com/maneeshk3/batch5assignment
	 * branch            main       -> FETCH_HEAD
	Already up to date.

# if the code is same in local and in repo, Already up to date will be printed or else below will be printed.
PS F:\batch5assignment> git pull origin main
	remote: Enumerating objects: 5, done.
	remote: Counting objects: 100% (5/5), done.
	remote: Compressing objects: 100% (3/3), done.
	remote: Total 3 (delta 1), reused 0 (delta 0), pack-reused 0 (from 0)
	Unpacking objects: 100% (3/3), 1020 bytes | 4.00 KiB/s, done.
	From https://github.com/maneeshk3/batch5assignment
	 * branch            main       -> FETCH_HEAD
	   ef2eddf..018d83b  main       -> origin/main
	Updating ef2eddf..018d83b
	Fast-forward
	 Assignment1.md | 5 ++++-
	 1 file changed, 4 insertions(+), 1 deletion(-)
	 

# TO create a new Branch use the -b flag like below
	PS F:\batch5assignment> git checkout -b "YOURNAME"
	Switched to a new branch '"YOURNAME"'

# after making the relevant changes in the file history, i.e after updating your assignments check the status
	PS F:\batch5assignment> git status
	On branch "YOURNAME"
	nothing to commit, working tree clean

# IF there is some changes then below will be the log
	PS F:\batch5assignment> git status
	On branch "YOURNAME"
	Untracked files:
	  (use "git add <file>..." to include in what will be committed)
			Assignment1.java

	nothing added to commit but untracked files present (use "git add" to track)

# use git add . command to add all the untracked files to the tracker
	PS F:\batch5assignment> git add .\Assignment1.java

# can see the status now its updated.
	PS F:\batch5assignment> git status
	On branch "YOURNAME"
	Changes to be committed:
	  (use "git restore --staged <file>..." to unstage)
			new file:   Assignment1.java


# use git commit for using vim editor and updating the commit message.
	PS F:\batch5assignment> git commit
	["YOURNAME" 842bc28]      adding my assignment 1  new file:   Assignment1.java
	 1 file changed, 4 insertions(+)
	 create mode 100644 Assignment1.java

# use git commit with -m flag to add a commit message in short
	PS F:\batch5assignment> git commit -m "YOUR COMMIT MESSAGE"
	["YOURNAME" 842bc28]      "YOUR COMMIT MESSAGE"
	 1 file changed, 4 insertions(+)
	 create mode 100644 Assignment1.java

# use git push to push your code to origin ( git repo). with your branch name
	PS F:\batch5assignment> git push origin "YOURNAME"
	Enumerating objects: 5, done.
	Counting objects: 100% (5/5), done.
	Delta compression using up to 4 threads
	Compressing objects: 100% (4/4), done.
	Writing objects: 100% (4/4), 1.15 KiB | 1.15 MiB/s, done.
	Total 4 (delta 0), reused 0 (delta 0), pack-reused 0
