Windows PowerShell
Copyright (C) Microsoft Corporation. All rights reserved.

Install the latest PowerShell for new features and improvements! https://aka.ms/PSWindows


PS F:\batch5assignment> git clone https://github.com/maneeshk3/batch5assignment.git

PS F:\batch5assignment> git status
On branch OtherDefault
Your branch is up to date with 'origin/OtherDefault'.

nothing to commit, working tree clean

PS F:\batch5assignment> git config --global user.name "Maneesh Kumar"
PS F:\batch5assignment> git config --global user.email "maneesh.kumar67@gmail.com"
PS F:\batch5assignment> git config --list

PS F:\batch5assignment> git checkout main
Switched to branch 'main'
Your branch is up to date with 'origin/main'.
PS F:\batch5assignment> git pull origin main
From https://github.com/maneeshk3/batch5assignment
 * branch            main       -> FETCH_HEAD
Already up to date.
PS F:\batch5assignment> git pull origin main
remote: Enumerating objects: 5, done.
remote: Counting objects: 100% (5/5), done.
remote: Compressing objects: 100% (3/3), done.
remote: Total 3 (delta 1), reused 0 (delta 0), pack-reused 0 (from 0)
Unpacking objects: 100% (3/3), 1020 bytes | 4.00 KiB/s, done.
From https://github.com/maneeshk3/batch5assignment
 * branch            main       -> FETCH_HEAD
   ef2eddf..018d83b  main       -> origin/main
Updating ef2eddf..018d83b
Fast-forward
 Assignment1.md | 5 ++++-
 1 file changed, 4 insertions(+), 1 deletion(-)
PS F:\batch5assignment> git checkout Maneesh
Switched to branch 'Maneesh'
Your branch is up to date with 'origin/Maneesh'.
PS F:\batch5assignment> git checkout -b defautl2
Switched to a new branch 'defautl2'
PS F:\batch5assignment> git status
On branch defautl2
nothing to commit, working tree clean
PS F:\batch5assignment> git status
On branch defautl2
Untracked files:
  (use "git add <file>..." to include in what will be committed)
        Assignment1.java

nothing added to commit but untracked files present (use "git add" to track)
PS F:\batch5assignment> git add .\Assignment1.java
PS F:\batch5assignment> git status
On branch defautl2
Changes to be committed:
  (use "git restore --staged <file>..." to unstage)
        new file:   Assignment1.java

PS F:\batch5assignment> git diff .\Assignment1.java
PS F:\batch5assignment> git commit
[defautl2 842bc28]      adding my assignment 1  new file:   Assignment1.java
 1 file changed, 4 insertions(+)
 create mode 100644 Assignment1.java
PS F:\batch5assignment> git status
On branch defautl2
Untracked files:
  (use "git add <file>..." to include in what will be committed)
        Assignment2.java

nothing added to commit but untracked files present (use "git add" to track)
PS F:\bat